12:30:59 **** Incremental Build of configuration Debug for project CAN_Polling_case1 ****
make -j16 all 
arm-none-eabi-gcc -gdwarf-2 "../Core/Src/main.c" -mcpu=cortex-m3 -std=gnu11 -g3 -DDEBUG -DUSE_HAL_DRIVER -DSTM32F103xB -c -I../Core/Inc -I../Drivers/STM32F1xx_HAL_Driver/Inc -I../Drivers/STM32F1xx_HAL_Driver/Inc/Legacy -I../Drivers/CMSIS/Device/ST/STM32F1xx/Include -I../Drivers/CMSIS/Include -O0 -ffunction-sections -fdata-sections -Wall -fstack-usage -fcyclomatic-complexity -MMD -MP -MF"Core/Src/main.d" -MT"Core/Src/main.o" --specs=nano.specs -mfloat-abi=soft -mthumb -o "Core/Src/main.o"
arm-none-eabi-gcc -gdwarf-2 -o "CAN_Polling_case1.elf" @"objects.list"   -mcpu=cortex-m3 -T"C:\Users\ibrah\OneDrive\Desktop\CAN polling case study 1\CAN_Polling_case1\STM32F103C8TX_FLASH.ld" --specs=nosys.specs -Wl,-Map="CAN_Polling_case1.map" -Wl,--gc-sections -static --specs=nano.specs -mfloat-abi=soft -mthumb -Wl,--start-group -lc -lm -Wl,--end-group
Finished building target: CAN_Polling_case1.elf
 
arm-none-eabi-size   CAN_Polling_case1.elf 
arm-none-eabi-objdump -h -S  CAN_Polling_case1.elf  > "CAN_Polling_case1.list"
   text	   data	    bss	    dec	    hex	filename
   7256	     20	   1612	   8888	   22b8	CAN_Polling_case1.elf
Finished building: default.size.stdout
 
Finished building: CAN_Polling_case1.list
 

12:31:00 Build Finished. 0 errors, 0 warnings. (took 617ms)

